// Jest Snapshot v1, https://goo.gl/fbAQLP

exports[`font tokens : matches snapshot 1`] = `
Object {
  "font": Object {
    "family": Object {
      "base": Object {
        "value": "Inter, 'Helvetica Neue', sans",
      },
      "headers": Object {
        "value": "Work Sans, 'Helvetica Neue', sans",
      },
    },
    "line-height": Object {
      "default": Object {
        "value": "1.5",
      },
    },
    "size": Object {
      "100": Object {
        "value": "6.25",
      },
      "108": Object {
        "value": "6.75",
      },
      "12": Object {
        "value": "0.75",
      },
      "14": Object {
        "value": "0.875",
      },
      "16": Object {
        "value": "1",
      },
      "18": Object {
        "value": "1.125",
      },
      "20": Object {
        "value": "1.25",
      },
      "24": Object {
        "value": "1.5",
      },
      "28": Object {
        "value": "1.75",
      },
      "32": Object {
        "value": "2",
      },
      "36": Object {
        "value": "2.25",
      },
      "40": Object {
        "value": "2.5",
      },
      "44": Object {
        "value": "2.75",
      },
      "48": Object {
        "value": "3",
      },
      "52": Object {
        "value": "3.25",
      },
      "56": Object {
        "value": "3.5",
      },
      "60": Object {
        "value": "3.75",
      },
      "64": Object {
        "value": "4",
      },
      "72": Object {
        "value": "4.5",
      },
      "76": Object {
        "value": "4.75",
      },
      "80": Object {
        "value": "5",
      },
      "84": Object {
        "value": "5.25",
      },
      "88": Object {
        "value": "5.5",
      },
      "default": Object {
        "value": "1",
      },
    },
  },
  "font-weight": Object {
    "black": Object {
      "value": "900",
    },
    "bold": Object {
      "value": "700",
    },
    "extrabold": Object {
      "value": "800",
    },
    "extralight": Object {
      "value": "200",
    },
    "light": Object {
      "value": "300",
    },
    "medium": Object {
      "value": "500",
    },
    "regular": Object {
      "value": "400",
    },
    "semibold": Object {
      "value": "600",
    },
    "thin": Object {
      "value": "100",
    },
  },
}
`;
