// Jest Snapshot v1, https://goo.gl/fbAQLP

exports[`<Button /> : matches snapshot 1`] = `
<body>
  <div>
    <button
      class="primo-Button"
      type="button"
    >
      Click me!
    </button>
  </div>
</body>
`;
