// Jest Snapshot v1, https://goo.gl/fbAQLP

exports[`opacity tokens : matches snapshot 1`] = `
Object {
  "opacity": Object {
    "0": Object {
      "value": 0,
    },
    "100": Object {
      "value": 0.1,
    },
    "200": Object {
      "value": 0.2,
    },
    "300": Object {
      "value": 0.3,
    },
    "400": Object {
      "value": 0.4,
    },
    "500": Object {
      "value": 0.5,
    },
    "600": Object {
      "value": 0.6,
    },
    "700": Object {
      "value": 0.7,
    },
    "800": Object {
      "value": 0.8,
    },
    "900": Object {
      "value": 0.9,
    },
  },
}
`;
