// Jest Snapshot v1, https://goo.gl/fbAQLP

exports[`Base color tokens : matches snapshot 1`] = `
Object {
  "color": Object {
    "black": Object {
      "value": Object {
        "hex": "#000000",
      },
    },
    "blue": Object {
      "0": Object {
        "value": Object {
          "hex": "#f4fbff",
        },
      },
      "10": Object {
        "value": Object {
          "hex": "#c5e8fd",
        },
      },
      "100": Object {
        "value": Object {
          "hex": "#002b87",
        },
      },
      "15": Object {
        "value": Object {
          "hex": "#addefb",
        },
      },
      "20": Object {
        "value": Object {
          "hex": "#97d4fa",
        },
      },
      "30": Object {
        "value": Object {
          "hex": "#6ebff5",
        },
      },
      "40": Object {
        "value": Object {
          "hex": "#4caaed",
        },
      },
      "50": Object {
        "value": Object {
          "hex": "#3294e4",
        },
      },
      "60": Object {
        "value": Object {
          "hex": "#1e7dd7",
        },
      },
      "70": Object {
        "value": Object {
          "hex": "#1166c7",
        },
      },
      "80": Object {
        "value": Object {
          "hex": "#0850b3",
        },
      },
      "90": Object {
        "value": Object {
          "hex": "#033b9e",
        },
      },
    },
    "green": Object {
      "0": Object {
        "value": Object {
          "hex": "#f4fff7",
        },
      },
      "10": Object {
        "value": Object {
          "hex": "#c5fdd3",
        },
      },
      "100": Object {
        "value": Object {
          "hex": "#008738",
        },
      },
      "15": Object {
        "value": Object {
          "hex": "#adfbc1",
        },
      },
      "20": Object {
        "value": Object {
          "hex": "#97fab0",
        },
      },
      "30": Object {
        "value": Object {
          "hex": "#6ef592",
        },
      },
      "40": Object {
        "value": Object {
          "hex": "#4ced79",
        },
      },
      "50": Object {
        "value": Object {
          "hex": "#32e466",
        },
      },
      "60": Object {
        "value": Object {
          "hex": "#1ed758",
        },
      },
      "70": Object {
        "value": Object {
          "hex": "#11c74e",
        },
      },
      "80": Object {
        "value": Object {
          "hex": "#08b346",
        },
      },
      "90": Object {
        "value": Object {
          "hex": "#039e3f",
        },
      },
    },
    "grey": Object {
      "0": Object {
        "value": Object {
          "hex": "#f5f5f5",
        },
      },
      "10": Object {
        "value": Object {
          "hex": "#f3f3f3",
        },
      },
      "100": Object {
        "value": Object {
          "hex": "#787878",
        },
      },
      "15": Object {
        "value": Object {
          "hex": "#f1f1f1",
        },
      },
      "20": Object {
        "value": Object {
          "hex": "#efefef",
        },
      },
      "30": Object {
        "value": Object {
          "hex": "#eaeaea",
        },
      },
      "40": Object {
        "value": Object {
          "hex": "#e2e2e2",
        },
      },
      "50": Object {
        "value": Object {
          "hex": "#d8d8d8",
        },
      },
      "60": Object {
        "value": Object {
          "hex": "#cbcbcb",
        },
      },
      "70": Object {
        "value": Object {
          "hex": "#bababa",
        },
      },
      "80": Object {
        "value": Object {
          "hex": "#a6a6a6",
        },
      },
      "90": Object {
        "value": Object {
          "hex": "#8f8f8f",
        },
      },
    },
    "orange": Object {
      "0": Object {
        "value": Object {
          "hex": "#fff7f4",
        },
      },
      "10": Object {
        "value": Object {
          "hex": "#fdd7c5",
        },
      },
      "100": Object {
        "value": Object {
          "hex": "#874a00",
        },
      },
      "15": Object {
        "value": Object {
          "hex": "#fbc7ad",
        },
      },
      "20": Object {
        "value": Object {
          "hex": "#fab797",
        },
      },
      "30": Object {
        "value": Object {
          "hex": "#f59c6e",
        },
      },
      "40": Object {
        "value": Object {
          "hex": "#ed854c",
        },
      },
      "50": Object {
        "value": Object {
          "hex": "#e47532",
        },
      },
      "60": Object {
        "value": Object {
          "hex": "#d7691e",
        },
      },
      "70": Object {
        "value": Object {
          "hex": "#c76011",
        },
      },
      "80": Object {
        "value": Object {
          "hex": "#b35908",
        },
      },
      "90": Object {
        "value": Object {
          "hex": "#9e5203",
        },
      },
    },
    "red": Object {
      "0": Object {
        "value": Object {
          "hex": "#fff4f4",
        },
      },
      "10": Object {
        "value": Object {
          "hex": "#fdc5c5",
        },
      },
      "100": Object {
        "value": Object {
          "hex": "#870900",
        },
      },
      "15": Object {
        "value": Object {
          "hex": "#fbaead",
        },
      },
      "20": Object {
        "value": Object {
          "hex": "#fa9797",
        },
      },
      "30": Object {
        "value": Object {
          "hex": "#f56f6e",
        },
      },
      "40": Object {
        "value": Object {
          "hex": "#ed4e4c",
        },
      },
      "50": Object {
        "value": Object {
          "hex": "#e43532",
        },
      },
      "60": Object {
        "value": Object {
          "hex": "#d7231e",
        },
      },
      "70": Object {
        "value": Object {
          "hex": "#c71711",
        },
      },
      "80": Object {
        "value": Object {
          "hex": "#b31008",
        },
      },
      "90": Object {
        "value": Object {
          "hex": "#9e0b03",
        },
      },
    },
    "white": Object {
      "value": Object {
        "hex": "#FFFFFF",
      },
    },
    "yellow": Object {
      "0": Object {
        "value": Object {
          "hex": "#fffdf4",
        },
      },
      "10": Object {
        "value": Object {
          "hex": "#fdf4c5",
        },
      },
      "100": Object {
        "value": Object {
          "hex": "#876800",
        },
      },
      "15": Object {
        "value": Object {
          "hex": "#fbeead",
        },
      },
      "20": Object {
        "value": Object {
          "hex": "#fae997",
        },
      },
      "30": Object {
        "value": Object {
          "hex": "#f5dd6e",
        },
      },
      "40": Object {
        "value": Object {
          "hex": "#edd14c",
        },
      },
      "50": Object {
        "value": Object {
          "hex": "#e4c332",
        },
      },
      "60": Object {
        "value": Object {
          "hex": "#d7b41e",
        },
      },
      "70": Object {
        "value": Object {
          "hex": "#c7a211",
        },
      },
      "80": Object {
        "value": Object {
          "hex": "#b38f08",
        },
      },
      "90": Object {
        "value": Object {
          "hex": "#9e7b03",
        },
      },
    },
  },
}
`;
