// Jest Snapshot v1, https://goo.gl/fbAQLP

exports[`Font color tokens : matches snapshot 1`] = `
Object {
  "color": Object {
    "font": Object {
      "base": Object {
        "value": "{color.black.value}",
      },
    },
  },
}
`;
