// Jest Snapshot v1, https://goo.gl/fbAQLP

exports[`<ButtonGroup /> : matches snapshot 1`] = `
<div>
  <div
    data-testid="buttonGroup"
  />
</div>
`;
